// Jest Snapshot v1, https://goo.gl/fbAQLP

exports[`custom finishArgs 1`] = `
Object {
  "linux": Array [
    Object {
      "arch": "x64",
      "file": "Test App ßW-1.1.0-x86_64.flatpak",
      "safeArtifactName": "TestApp-1.1.0-x86_64.flatpak",
    },
  ],
}
`;

exports[`custom runtime and base app version 1`] = `
Object {
  "linux": Array [
    Object {
      "arch": "x64",
      "file": "Test App ßW-1.1.0-x86_64.flatpak",
      "safeArtifactName": "TestApp-1.1.0-x86_64.flatpak",
    },
  ],
}
`;

exports[`enable Wayland flags 1`] = `
Object {
  "linux": Array [
    Object {
      "arch": "x64",
      "file": "Test App ßW-1.1.0-x86_64.flatpak",
      "safeArtifactName": "TestApp-1.1.0-x86_64.flatpak",
    },
  ],
}
`;

exports[`flatpak 1`] = `
Object {
  "linux": Array [
    Object {
      "arch": "x64",
      "file": "Test App ßW-1.1.0-x86_64.flatpak",
      "safeArtifactName": "TestApp-1.1.0-x86_64.flatpak",
    },
  ],
}
`;
