// Jest Snapshot v1, https://goo.gl/fbAQLP

exports[`extraFiles 1`] = `
Object {
  "linux": Array [
    Object {
      "arch": "x64",
      "file": "Test App ÃŸW-1.1.0.AppImage",
      "safeArtifactName": "TestApp-1.1.0-x86_64.AppImage",
      "updateInfo": Object {
        "blockMapSize": "@blockMapSize",
        "sha512": "@sha512",
        "size": "@size",
      },
    },
  ],
}
`;
