// Jest Snapshot v1, https://goo.gl/fbAQLP

exports[`invalid main in the app package.json (custom asar) 1`] = `"Application entry file \\"main.js\\" in the \\"<path>/app.asar\\" does not exist. Seems like a wrong configuration."`;

exports[`invalid main in the app package.json (no asar) 1`] = `"Application entry file \\"<path>/main.js\\" does not exist. Seems like a wrong configuration."`;

exports[`invalid main in the app package.json 1`] = `"Application entry file \\"main.js\\" in the \\"<path>/app.asar\\" does not exist. Seems like a wrong configuration."`;

exports[`main in the app package.json (custom asar) 1`] = `
Object {
  "linux": Array [],
  "mac": Array [],
}
`;

exports[`main in the app package.json (no asar) 1`] = `
Object {
  "linux": Array [],
  "mac": Array [],
}
`;
