// Vitest Snapshot v1, https://vitest.dev/guide/snapshot.html

exports[`local file:// protocol with npm 1`] = `
{
  "linux": [],
}
`;

exports[`local file:// protocol with npm for project outside workspace 1`] = `
{
  "linux": [],
}
`;

exports[`local file:// protocol with pnpm 1`] = `
{
  "linux": [],
}
`;

exports[`local file:// protocol with pnpm for project outside workspace 1`] = `
{
  "linux": [],
}
`;

exports[`local file:// protocol with yarn 1`] = `
{
  "linux": [],
}
`;

exports[`local file:// protocol with yarn for project outside workspace 1`] = `
{
  "linux": [],
}
`;

exports[`local file:// protocol with yarn-berry 1`] = `
{
  "linux": [],
}
`;

exports[`local file:// protocol with yarn-berry for project outside workspace 1`] = `
{
  "linux": [],
}
`;

exports[`npm 1`] = `
{
  "linux": [],
}
`;

exports[`npm 2`] = `
{
  "files": {
    "app": {
      "files": {
        "package.json": {
          "files": {
            "readme.md": {
              "offset": "24709",
              "size": 32,
            },
          },
        },
        "readme.md": {
          "offset": "24741",
          "size": 78,
        },
      },
    },
    "index.html": {
      "offset": "24819",
      "size": 841,
    },
    "index.js": {
      "offset": "25660",
      "size": 4184,
    },
    "node_modules": {
      "files": {
        "debug": {
          "files": {
            "LICENSE": {
              "offset": "0",
              "size": 1139,
            },
            "package.json": {
              "offset": "1139",
              "size": 910,
            },
            "src": {
              "files": {
                "browser.js": {
                  "offset": "2049",
                  "size": 6103,
                },
                "common.js": {
                  "offset": "8152",
                  "size": 6915,
                },
                "index.js": {
                  "offset": "15067",
                  "size": 314,
                },
                "node.js": {
                  "offset": "15381",
                  "size": 4728,
                },
              },
            },
          },
        },
        "ms": {
          "files": {
            "index.js": {
              "offset": "20109",
              "size": 3024,
            },
            "license.md": {
              "offset": "23133",
              "size": 1079,
            },
            "package.json": {
              "offset": "24212",
              "size": 497,
            },
          },
        },
      },
    },
    "package.json": {
      "offset": "29844",
      "size": 378,
    },
  },
}
`;

exports[`pnpm 1`] = `
{
  "linux": [],
}
`;

exports[`pnpm 2`] = `
{
  "files": {
    "app": {
      "files": {
        "package.json": {
          "files": {
            "readme.md": {
              "offset": "0",
              "size": 32,
            },
          },
        },
        "readme.md": {
          "offset": "32",
          "size": 78,
        },
      },
    },
    "index.html": {
      "offset": "110",
      "size": 841,
    },
    "index.js": {
      "offset": "951",
      "size": 4184,
    },
    "package.json": {
      "offset": "5135",
      "size": 517,
    },
  },
}
`;

exports[`yarn 1`] = `
{
  "linux": [],
}
`;

exports[`yarn 2`] = `
{
  "files": {
    "index.html": {
      "offset": "29309",
      "size": 378,
    },
    "index.js": {
      "offset": "29687",
      "size": 619,
    },
    "node_modules": {
      "files": {
        "debug": {
          "files": {
            "LICENSE": {
              "offset": "0",
              "size": 1139,
            },
            "node_modules": {
              "files": {
                "ms": {
                  "files": {
                    "index.js": {
                      "offset": "20109",
                      "size": 3024,
                    },
                    "license.md": {
                      "offset": "23133",
                      "size": 1079,
                    },
                    "package.json": {
                      "offset": "24212",
                      "size": 497,
                    },
                  },
                },
              },
            },
            "package.json": {
              "offset": "1139",
              "size": 910,
            },
            "src": {
              "files": {
                "browser.js": {
                  "offset": "2049",
                  "size": 6103,
                },
                "common.js": {
                  "offset": "8152",
                  "size": 6915,
                },
                "index.js": {
                  "offset": "15067",
                  "size": 314,
                },
                "node.js": {
                  "offset": "15381",
                  "size": 4728,
                },
              },
            },
          },
        },
        "ms": {
          "files": {
            "index.js": {
              "offset": "24709",
              "size": 3024,
            },
            "license.md": {
              "offset": "27733",
              "size": 1079,
            },
            "package.json": {
              "offset": "28812",
              "size": 497,
            },
          },
        },
      },
    },
    "package.json": {
      "offset": "30306",
      "size": 348,
    },
    "path": {
      "files": {
        "app.asar": {
          "offset": "30654",
          "size": 714,
        },
      },
    },
  },
}
`;

exports[`yarn berry 1`] = `
{
  "linux": [],
}
`;

exports[`yarn berry 2`] = `
{
  "files": {
    ".pnp.cjs": {
      "executable": true,
      "offset": "24709",
      "size": 611604,
    },
    "index.html": {
      "offset": "636313",
      "size": 378,
    },
    "index.js": {
      "offset": "636691",
      "size": 619,
    },
    "node_modules": {
      "files": {
        "debug": {
          "files": {
            "LICENSE": {
              "offset": "0",
              "size": 1139,
            },
            "package.json": {
              "offset": "1139",
              "size": 910,
            },
            "src": {
              "files": {
                "browser.js": {
                  "offset": "2049",
                  "size": 6103,
                },
                "common.js": {
                  "offset": "8152",
                  "size": 6915,
                },
                "index.js": {
                  "offset": "15067",
                  "size": 314,
                },
                "node.js": {
                  "offset": "15381",
                  "size": 4728,
                },
              },
            },
          },
        },
        "ms": {
          "files": {
            "index.js": {
              "offset": "20109",
              "size": 3024,
            },
            "license.md": {
              "offset": "23133",
              "size": 1079,
            },
            "package.json": {
              "offset": "24212",
              "size": 497,
            },
          },
        },
      },
    },
    "package.json": {
      "offset": "637310",
      "size": 316,
    },
    "path": {
      "files": {
        "app.asar": {
          "offset": "637626",
          "size": 714,
        },
      },
    },
  },
}
`;

exports[`yarn berry multi-package workspace 1`] = `
{
  "linux": [],
}
`;

exports[`yarn berry multi-package workspace 2`] = `
{
  "files": {
    "index.html": {
      "offset": "24419",
      "size": 841,
    },
    "index.js": {
      "offset": "25260",
      "size": 2501,
    },
    "node_modules": {
      "files": {
        "debug": {
          "files": {
            "LICENSE": {
              "offset": "0",
              "size": 1139,
            },
            "package.json": {
              "offset": "1139",
              "size": 910,
            },
            "src": {
              "files": {
                "browser.js": {
                  "offset": "2049",
                  "size": 6103,
                },
                "common.js": {
                  "offset": "8152",
                  "size": 6915,
                },
                "index.js": {
                  "offset": "15067",
                  "size": 314,
                },
                "node.js": {
                  "offset": "15381",
                  "size": 4728,
                },
              },
            },
          },
        },
        "ms": {
          "files": {
            "index.js": {
              "offset": "20109",
              "size": 2764,
            },
            "license.md": {
              "offset": "22873",
              "size": 1077,
            },
            "package.json": {
              "offset": "23950",
              "size": 469,
            },
          },
        },
      },
    },
    "package.json": {
      "offset": "27761",
      "size": 330,
    },
  },
}
`;

exports[`yarn berry workspace 1`] = `
{
  "linux": [],
}
`;

exports[`yarn berry workspace 2`] = `
{
  "files": {
    "index.html": {
      "offset": "24709",
      "size": 841,
    },
    "index.js": {
      "offset": "25550",
      "size": 2501,
    },
    "node_modules": {
      "files": {
        "debug": {
          "files": {
            "LICENSE": {
              "offset": "0",
              "size": 1139,
            },
            "package.json": {
              "offset": "1139",
              "size": 910,
            },
            "src": {
              "files": {
                "browser.js": {
                  "offset": "2049",
                  "size": 6103,
                },
                "common.js": {
                  "offset": "8152",
                  "size": 6915,
                },
                "index.js": {
                  "offset": "15067",
                  "size": 314,
                },
                "node.js": {
                  "offset": "15381",
                  "size": 4728,
                },
              },
            },
          },
        },
        "ms": {
          "files": {
            "index.js": {
              "offset": "20109",
              "size": 3024,
            },
            "license.md": {
              "offset": "23133",
              "size": 1079,
            },
            "package.json": {
              "offset": "24212",
              "size": 497,
            },
          },
        },
      },
    },
    "package.json": {
      "offset": "28051",
      "size": 330,
    },
  },
}
`;

exports[`yarn multi-package workspace 1`] = `
{
  "linux": [],
}
`;

exports[`yarn multi-package workspace 2`] = `
{
  "files": {
    "index.html": {
      "offset": "24419",
      "size": 841,
    },
    "index.js": {
      "offset": "25260",
      "size": 2501,
    },
    "node_modules": {
      "files": {
        "debug": {
          "files": {
            "LICENSE": {
              "offset": "0",
              "size": 1139,
            },
            "package.json": {
              "offset": "1139",
              "size": 910,
            },
            "src": {
              "files": {
                "browser.js": {
                  "offset": "2049",
                  "size": 6103,
                },
                "common.js": {
                  "offset": "8152",
                  "size": 6915,
                },
                "index.js": {
                  "offset": "15067",
                  "size": 314,
                },
                "node.js": {
                  "offset": "15381",
                  "size": 4728,
                },
              },
            },
          },
        },
        "ms": {
          "files": {
            "index.js": {
              "offset": "20109",
              "size": 2764,
            },
            "license.md": {
              "offset": "22873",
              "size": 1077,
            },
            "package.json": {
              "offset": "23950",
              "size": 469,
            },
          },
        },
      },
    },
    "package.json": {
      "offset": "27761",
      "size": 362,
    },
  },
}
`;

exports[`yarn workspace 1`] = `
{
  "linux": [],
}
`;

exports[`yarn workspace 2`] = `
{
  "files": {
    "index.html": {
      "offset": "24709",
      "size": 841,
    },
    "index.js": {
      "offset": "25550",
      "size": 2501,
    },
    "node_modules": {
      "files": {
        "debug": {
          "files": {
            "LICENSE": {
              "offset": "0",
              "size": 1139,
            },
            "package.json": {
              "offset": "1139",
              "size": 910,
            },
            "src": {
              "files": {
                "browser.js": {
                  "offset": "2049",
                  "size": 6103,
                },
                "common.js": {
                  "offset": "8152",
                  "size": 6915,
                },
                "index.js": {
                  "offset": "15067",
                  "size": 314,
                },
                "node.js": {
                  "offset": "15381",
                  "size": 4728,
                },
              },
            },
          },
        },
        "ms": {
          "files": {
            "index.js": {
              "offset": "20109",
              "size": 3024,
            },
            "license.md": {
              "offset": "23133",
              "size": 1079,
            },
            "package.json": {
              "offset": "24212",
              "size": 497,
            },
          },
        },
      },
    },
    "package.json": {
      "offset": "28051",
      "size": 362,
    },
  },
}
`;
