// Jest Snapshot v1, https://goo.gl/fbAQLP

exports[`generic, github and spaces 1`] = `
Object {
  "mac": Array [
    Object {
      "file": "alpha-mac.yml",
      "fileContent": Object {
        "files": Array [
          Object {
            "sha512": "@sha512",
            "url": "TestApp-1.1.0-mac.zip",
          },
        ],
        "path": "Test App ßW-1.1.0-mac.zip",
        "releaseDate": "@releaseDate",
        "sha512": "@sha512",
        "version": "1.1.0",
      },
    },
    Object {
      "file": "alpha-mac.yml",
      "fileContent": Object {
        "files": Array [
          Object {
            "sha512": "@sha512",
            "url": "TestApp-1.1.0-mac.zip",
          },
        ],
        "path": "Test App ßW-1.1.0-mac.zip",
        "releaseDate": "@releaseDate",
        "sha512": "@sha512",
        "version": "1.1.0",
      },
    },
    Object {
      "file": "beta-mac.yml",
      "fileContent": Object {
        "files": Array [
          Object {
            "sha512": "@sha512",
            "url": "TestApp-1.1.0-mac.zip",
          },
        ],
        "path": "Test App ßW-1.1.0-mac.zip",
        "releaseDate": "@releaseDate",
        "sha512": "@sha512",
        "version": "1.1.0",
      },
    },
    Object {
      "file": "beta-mac.yml",
      "fileContent": Object {
        "files": Array [
          Object {
            "sha512": "@sha512",
            "url": "TestApp-1.1.0-mac.zip",
          },
        ],
        "path": "Test App ßW-1.1.0-mac.zip",
        "releaseDate": "@releaseDate",
        "sha512": "@sha512",
        "version": "1.1.0",
      },
    },
    Object {
      "file": "latest-mac.yml",
      "fileContent": Object {
        "files": Array [
          Object {
            "sha512": "@sha512",
            "url": "TestApp-1.1.0-mac.zip",
          },
        ],
        "path": "Test App ßW-1.1.0-mac.zip",
        "releaseDate": "@releaseDate",
        "sha512": "@sha512",
        "version": "1.1.0",
      },
    },
    Object {
      "file": "latest-mac.yml",
      "fileContent": Object {
        "files": Array [
          Object {
            "sha512": "@sha512",
            "url": "TestApp-1.1.0-mac.zip",
          },
        ],
        "path": "TestApp-1.1.0-mac.zip",
        "releaseDate": "@releaseDate",
        "sha512": "@sha512",
        "version": "1.1.0",
      },
    },
    Object {
      "file": "latest-mac.yml",
      "fileContent": Object {
        "files": Array [
          Object {
            "sha512": "@sha512",
            "url": "TestApp-1.1.0-mac.zip",
          },
        ],
        "path": "Test App ßW-1.1.0-mac.zip",
        "releaseDate": "@releaseDate",
        "sha512": "@sha512",
        "version": "1.1.0",
      },
    },
    Object {
      "arch": "x64",
      "file": "Test App ßW-1.1.0-mac.zip",
      "safeArtifactName": "TestApp-1.1.0-mac.zip",
    },
  ],
}
`;

exports[`os macro 1`] = `
Object {
  "linux": Array [
    Object {
      "arch": "x64",
      "file": "TestApp-1.1.0.zip",
      "safeArtifactName": "TestApp-1.1.0.zip",
    },
  ],
  "mac": Array [
    Object {
      "file": "latest-mac.json",
    },
    Object {
      "file": "latest-mac.yml",
      "fileContent": Object {
        "files": Array [
          Object {
            "sha512": "@sha512",
            "url": "Test App ßW-1.1.0-mac.zip",
          },
        ],
        "path": "Test App ßW-1.1.0-mac.zip",
        "releaseDate": "@releaseDate",
        "sha512": "@sha512",
        "version": "1.1.0",
      },
    },
    Object {
      "arch": "x64",
      "file": "Test App ßW-1.1.0-mac.zip",
      "safeArtifactName": "TestApp-1.1.0-mac.zip",
    },
  ],
}
`;

exports[`os macro 2`] = `
Array [
  "latest/mac/Test App ßW-1.1.0-mac.zip",
  "latest/mac/latest-mac.json",
  "latest/mac/latest-mac.yml",
  "latest/linux/TestApp-1.1.0.zip",
]
`;
