// Vitest Snapshot v1, https://vitest.dev/guide/snapshot.html

exports[`Electron autoupdate (fresh install & update) > linux > AppImage - arm64 1`] = `
{
  "linux": [
    {
      "arch": "arm64",
      "file": "TestApp.AppImage",
      "updateInfo": {
        "blockMapSize": "@blockMapSize",
        "sha512": "@sha512",
        "size": "@size",
      },
    },
    {
      "file": "latest-linux-arm64.yml",
      "fileContent": {
        "files": [
          {
            "blockMapSize": "@blockMapSize",
            "sha512": "@sha512",
            "size": "@size",
            "url": "TestApp.AppImage",
          },
        ],
        "path": "TestApp.AppImage",
        "releaseDate": "@releaseDate",
        "sha512": "@sha512",
        "version": "1.0.0",
      },
    },
  ],
}
`;

exports[`Electron autoupdate (fresh install & update) > linux > AppImage - arm64 2`] = `
{
  "linux": [
    {
      "arch": "arm64",
      "file": "TestApp.AppImage",
      "updateInfo": {
        "blockMapSize": "@blockMapSize",
        "sha512": "@sha512",
        "size": "@size",
      },
    },
    {
      "file": "latest-linux-arm64.yml",
      "fileContent": {
        "files": [
          {
            "blockMapSize": "@blockMapSize",
            "sha512": "@sha512",
            "size": "@size",
            "url": "TestApp.AppImage",
          },
        ],
        "path": "TestApp.AppImage",
        "releaseDate": "@releaseDate",
        "sha512": "@sha512",
        "version": "1.0.1",
      },
    },
  ],
}
`;

exports[`Electron autoupdate (fresh install & update) > linux > arch - (pacman) 1`] = `
{
  "linux": [
    {
      "file": "latest-linux.yml",
      "fileContent": {
        "files": [
          {
            "sha512": "@sha512",
            "size": "@size",
            "url": "TestApp.pacman",
          },
        ],
        "path": "TestApp.pacman",
        "releaseDate": "@releaseDate",
        "sha512": "@sha512",
        "version": "1.0.0",
      },
    },
    {
      "arch": "x64",
      "file": "TestApp.pacman",
      "updateInfo": {
        "sha512": "@sha512",
        "size": "@size",
      },
    },
  ],
}
`;

exports[`Electron autoupdate (fresh install & update) > linux > arch - (pacman) 2`] = `
{
  "linux": [
    {
      "file": "latest-linux.yml",
      "fileContent": {
        "files": [
          {
            "sha512": "@sha512",
            "size": "@size",
            "url": "TestApp.pacman",
          },
        ],
        "path": "TestApp.pacman",
        "releaseDate": "@releaseDate",
        "sha512": "@sha512",
        "version": "1.0.1",
      },
    },
    {
      "arch": "x64",
      "file": "TestApp.pacman",
      "updateInfo": {
        "sha512": "@sha512",
        "size": "@size",
      },
    },
  ],
}
`;

exports[`Electron autoupdate (fresh install & update) > linux > debian - (apt) 1`] = `
{
  "linux": [
    {
      "arch": "x64",
      "file": "TestApp.deb",
      "updateInfo": {
        "sha512": "@sha512",
        "size": "@size",
      },
    },
    {
      "file": "latest-linux.yml",
      "fileContent": {
        "files": [
          {
            "sha512": "@sha512",
            "size": "@size",
            "url": "TestApp.deb",
          },
        ],
        "path": "TestApp.deb",
        "releaseDate": "@releaseDate",
        "sha512": "@sha512",
        "version": "1.0.0",
      },
    },
  ],
}
`;

exports[`Electron autoupdate (fresh install & update) > linux > debian - (apt) 2`] = `
[
  "/",
  "/opt/",
  "/usr/",
  "/opt/TestApp/",
  "/opt/TestApp/chrome-sandbox",
  "/opt/TestApp/chrome_100_percent.pak",
  "/opt/TestApp/chrome_200_percent.pak",
  "/opt/TestApp/chrome_crashpad_handler",
  "/opt/TestApp/icudtl.dat",
  "/opt/TestApp/libEGL.so",
  "/opt/TestApp/libffmpeg.so",
  "/opt/TestApp/libGLESv2.so",
  "/opt/TestApp/libvk_swiftshader.so",
  "/opt/TestApp/libvulkan.so.1",
  "/opt/TestApp/LICENSE.electron.txt",
  "/opt/TestApp/LICENSES.chromium.html",
  "/opt/TestApp/resources.pak",
  "/opt/TestApp/snapshot_blob.bin",
  "/opt/TestApp/TestApp",
  "/opt/TestApp/v8_context_snapshot.bin",
  "/opt/TestApp/vk_swiftshader_icd.json",
  "/usr/share/",
  "/opt/TestApp/resources/",
  "/opt/TestApp/resources/app-update.yml",
  "/opt/TestApp/resources/app.asar",
  "/opt/TestApp/resources/apparmor-profile",
  "/opt/TestApp/resources/package-type",
  "/usr/share/applications/",
  "/usr/share/applications/TestApp.desktop",
  "/usr/share/doc/",
  "/usr/share/icons/",
  "/usr/share/doc/testapp/",
  "/usr/share/doc/testapp/changelog.gz",
  "/usr/share/icons/hicolor/",
  "/usr/share/icons/hicolor/128x128/",
  "/usr/share/icons/hicolor/16x16/",
  "/usr/share/icons/hicolor/256x256/",
  "/usr/share/icons/hicolor/32x32/",
  "/usr/share/icons/hicolor/48x48/",
  "/usr/share/icons/hicolor/512x512/",
  "/usr/share/icons/hicolor/64x64/",
  "/usr/share/icons/hicolor/128x128/apps/",
  "/usr/share/icons/hicolor/128x128/apps/TestApp.png",
  "/usr/share/icons/hicolor/16x16/apps/",
  "/usr/share/icons/hicolor/16x16/apps/TestApp.png",
  "/usr/share/icons/hicolor/256x256/apps/",
  "/usr/share/icons/hicolor/256x256/apps/TestApp.png",
  "/usr/share/icons/hicolor/32x32/apps/",
  "/usr/share/icons/hicolor/32x32/apps/TestApp.png",
  "/usr/share/icons/hicolor/48x48/apps/",
  "/usr/share/icons/hicolor/48x48/apps/TestApp.png",
  "/usr/share/icons/hicolor/512x512/apps/",
  "/usr/share/icons/hicolor/512x512/apps/TestApp.png",
  "/usr/share/icons/hicolor/64x64/apps/",
  "/usr/share/icons/hicolor/64x64/apps/TestApp.png",
]
`;

exports[`Electron autoupdate (fresh install & update) > linux > debian - (apt) 3`] = `
{
  "Architecture": "amd64",
  "Depends": "libgtk-3-0, libnotify4, libnss3, libxss1, libxtst6, xdg-utils, libatspi2.0-0, libuuid1, libsecret-1-0",
  "Homepage": "http://foo.example.com",
  "License": "MIT",
  "Maintainer": "Foo Bar <foo@example.com>",
  "Package": "testapp",
  "Priority": "optional",
  "Recommends": "libappindicator3-1",
  "Section": "default",
  "Vendor": "Foo Bar <foo@example.com>",
}
`;

exports[`Electron autoupdate (fresh install & update) > linux > debian - (apt) 4`] = `"Test Application (test quite “ #378)"`;

exports[`Electron autoupdate (fresh install & update) > linux > debian - (apt) 5`] = `
{
  "linux": [
    {
      "arch": "x64",
      "file": "TestApp.deb",
      "updateInfo": {
        "sha512": "@sha512",
        "size": "@size",
      },
    },
    {
      "file": "latest-linux.yml",
      "fileContent": {
        "files": [
          {
            "sha512": "@sha512",
            "size": "@size",
            "url": "TestApp.deb",
          },
        ],
        "path": "TestApp.deb",
        "releaseDate": "@releaseDate",
        "sha512": "@sha512",
        "version": "1.0.1",
      },
    },
  ],
}
`;

exports[`Electron autoupdate (fresh install & update) > linux > debian - (apt) 6`] = `
[
  "/",
  "/opt/",
  "/usr/",
  "/opt/TestApp/",
  "/opt/TestApp/chrome-sandbox",
  "/opt/TestApp/chrome_100_percent.pak",
  "/opt/TestApp/chrome_200_percent.pak",
  "/opt/TestApp/chrome_crashpad_handler",
  "/opt/TestApp/icudtl.dat",
  "/opt/TestApp/libEGL.so",
  "/opt/TestApp/libffmpeg.so",
  "/opt/TestApp/libGLESv2.so",
  "/opt/TestApp/libvk_swiftshader.so",
  "/opt/TestApp/libvulkan.so.1",
  "/opt/TestApp/LICENSE.electron.txt",
  "/opt/TestApp/LICENSES.chromium.html",
  "/opt/TestApp/resources.pak",
  "/opt/TestApp/snapshot_blob.bin",
  "/opt/TestApp/TestApp",
  "/opt/TestApp/v8_context_snapshot.bin",
  "/opt/TestApp/vk_swiftshader_icd.json",
  "/usr/share/",
  "/opt/TestApp/resources/",
  "/opt/TestApp/resources/app-update.yml",
  "/opt/TestApp/resources/app.asar",
  "/opt/TestApp/resources/apparmor-profile",
  "/opt/TestApp/resources/package-type",
  "/usr/share/applications/",
  "/usr/share/applications/TestApp.desktop",
  "/usr/share/doc/",
  "/usr/share/icons/",
  "/usr/share/doc/testapp/",
  "/usr/share/doc/testapp/changelog.gz",
  "/usr/share/icons/hicolor/",
  "/usr/share/icons/hicolor/128x128/",
  "/usr/share/icons/hicolor/16x16/",
  "/usr/share/icons/hicolor/256x256/",
  "/usr/share/icons/hicolor/32x32/",
  "/usr/share/icons/hicolor/48x48/",
  "/usr/share/icons/hicolor/512x512/",
  "/usr/share/icons/hicolor/64x64/",
  "/usr/share/icons/hicolor/128x128/apps/",
  "/usr/share/icons/hicolor/128x128/apps/TestApp.png",
  "/usr/share/icons/hicolor/16x16/apps/",
  "/usr/share/icons/hicolor/16x16/apps/TestApp.png",
  "/usr/share/icons/hicolor/256x256/apps/",
  "/usr/share/icons/hicolor/256x256/apps/TestApp.png",
  "/usr/share/icons/hicolor/32x32/apps/",
  "/usr/share/icons/hicolor/32x32/apps/TestApp.png",
  "/usr/share/icons/hicolor/48x48/apps/",
  "/usr/share/icons/hicolor/48x48/apps/TestApp.png",
  "/usr/share/icons/hicolor/512x512/apps/",
  "/usr/share/icons/hicolor/512x512/apps/TestApp.png",
  "/usr/share/icons/hicolor/64x64/apps/",
  "/usr/share/icons/hicolor/64x64/apps/TestApp.png",
]
`;

exports[`Electron autoupdate (fresh install & update) > linux > debian - (apt) 7`] = `
{
  "Architecture": "amd64",
  "Depends": "libgtk-3-0, libnotify4, libnss3, libxss1, libxtst6, xdg-utils, libatspi2.0-0, libuuid1, libsecret-1-0",
  "Homepage": "http://foo.example.com",
  "License": "MIT",
  "Maintainer": "Foo Bar <foo@example.com>",
  "Package": "testapp",
  "Priority": "optional",
  "Recommends": "libappindicator3-1",
  "Section": "default",
  "Vendor": "Foo Bar <foo@example.com>",
}
`;

exports[`Electron autoupdate (fresh install & update) > linux > debian - (apt) 8`] = `"Test Application (test quite “ #378)"`;

exports[`Electron autoupdate (fresh install & update) > linux > debian - (dpkg) 1`] = `
{
  "linux": [
    {
      "arch": "x64",
      "file": "TestApp.deb",
      "updateInfo": {
        "sha512": "@sha512",
        "size": "@size",
      },
    },
    {
      "file": "latest-linux.yml",
      "fileContent": {
        "files": [
          {
            "sha512": "@sha512",
            "size": "@size",
            "url": "TestApp.deb",
          },
        ],
        "path": "TestApp.deb",
        "releaseDate": "@releaseDate",
        "sha512": "@sha512",
        "version": "1.0.0",
      },
    },
  ],
}
`;

exports[`Electron autoupdate (fresh install & update) > linux > debian - (dpkg) 2`] = `
[
  "/",
  "/opt/",
  "/usr/",
  "/opt/TestApp/",
  "/opt/TestApp/chrome-sandbox",
  "/opt/TestApp/chrome_100_percent.pak",
  "/opt/TestApp/chrome_200_percent.pak",
  "/opt/TestApp/chrome_crashpad_handler",
  "/opt/TestApp/icudtl.dat",
  "/opt/TestApp/libEGL.so",
  "/opt/TestApp/libffmpeg.so",
  "/opt/TestApp/libGLESv2.so",
  "/opt/TestApp/libvk_swiftshader.so",
  "/opt/TestApp/libvulkan.so.1",
  "/opt/TestApp/LICENSE.electron.txt",
  "/opt/TestApp/LICENSES.chromium.html",
  "/opt/TestApp/resources.pak",
  "/opt/TestApp/snapshot_blob.bin",
  "/opt/TestApp/TestApp",
  "/opt/TestApp/v8_context_snapshot.bin",
  "/opt/TestApp/vk_swiftshader_icd.json",
  "/usr/share/",
  "/opt/TestApp/resources/",
  "/opt/TestApp/resources/app-update.yml",
  "/opt/TestApp/resources/app.asar",
  "/opt/TestApp/resources/apparmor-profile",
  "/opt/TestApp/resources/package-type",
  "/usr/share/applications/",
  "/usr/share/applications/TestApp.desktop",
  "/usr/share/doc/",
  "/usr/share/icons/",
  "/usr/share/doc/testapp/",
  "/usr/share/doc/testapp/changelog.gz",
  "/usr/share/icons/hicolor/",
  "/usr/share/icons/hicolor/128x128/",
  "/usr/share/icons/hicolor/16x16/",
  "/usr/share/icons/hicolor/256x256/",
  "/usr/share/icons/hicolor/32x32/",
  "/usr/share/icons/hicolor/48x48/",
  "/usr/share/icons/hicolor/512x512/",
  "/usr/share/icons/hicolor/64x64/",
  "/usr/share/icons/hicolor/128x128/apps/",
  "/usr/share/icons/hicolor/128x128/apps/TestApp.png",
  "/usr/share/icons/hicolor/16x16/apps/",
  "/usr/share/icons/hicolor/16x16/apps/TestApp.png",
  "/usr/share/icons/hicolor/256x256/apps/",
  "/usr/share/icons/hicolor/256x256/apps/TestApp.png",
  "/usr/share/icons/hicolor/32x32/apps/",
  "/usr/share/icons/hicolor/32x32/apps/TestApp.png",
  "/usr/share/icons/hicolor/48x48/apps/",
  "/usr/share/icons/hicolor/48x48/apps/TestApp.png",
  "/usr/share/icons/hicolor/512x512/apps/",
  "/usr/share/icons/hicolor/512x512/apps/TestApp.png",
  "/usr/share/icons/hicolor/64x64/apps/",
  "/usr/share/icons/hicolor/64x64/apps/TestApp.png",
]
`;

exports[`Electron autoupdate (fresh install & update) > linux > debian - (dpkg) 3`] = `
{
  "Architecture": "amd64",
  "Depends": "libgtk-3-0, libnotify4, libnss3, libxss1, libxtst6, xdg-utils, libatspi2.0-0, libuuid1, libsecret-1-0",
  "Homepage": "http://foo.example.com",
  "License": "MIT",
  "Maintainer": "Foo Bar <foo@example.com>",
  "Package": "testapp",
  "Priority": "optional",
  "Recommends": "libappindicator3-1",
  "Section": "default",
  "Vendor": "Foo Bar <foo@example.com>",
}
`;

exports[`Electron autoupdate (fresh install & update) > linux > debian - (dpkg) 4`] = `"Test Application (test quite “ #378)"`;

exports[`Electron autoupdate (fresh install & update) > linux > debian - (dpkg) 5`] = `
{
  "linux": [
    {
      "arch": "x64",
      "file": "TestApp.deb",
      "updateInfo": {
        "sha512": "@sha512",
        "size": "@size",
      },
    },
    {
      "file": "latest-linux.yml",
      "fileContent": {
        "files": [
          {
            "sha512": "@sha512",
            "size": "@size",
            "url": "TestApp.deb",
          },
        ],
        "path": "TestApp.deb",
        "releaseDate": "@releaseDate",
        "sha512": "@sha512",
        "version": "1.0.1",
      },
    },
  ],
}
`;

exports[`Electron autoupdate (fresh install & update) > linux > debian - (dpkg) 6`] = `
[
  "/",
  "/opt/",
  "/usr/",
  "/opt/TestApp/",
  "/opt/TestApp/chrome-sandbox",
  "/opt/TestApp/chrome_100_percent.pak",
  "/opt/TestApp/chrome_200_percent.pak",
  "/opt/TestApp/chrome_crashpad_handler",
  "/opt/TestApp/icudtl.dat",
  "/opt/TestApp/libEGL.so",
  "/opt/TestApp/libffmpeg.so",
  "/opt/TestApp/libGLESv2.so",
  "/opt/TestApp/libvk_swiftshader.so",
  "/opt/TestApp/libvulkan.so.1",
  "/opt/TestApp/LICENSE.electron.txt",
  "/opt/TestApp/LICENSES.chromium.html",
  "/opt/TestApp/resources.pak",
  "/opt/TestApp/snapshot_blob.bin",
  "/opt/TestApp/TestApp",
  "/opt/TestApp/v8_context_snapshot.bin",
  "/opt/TestApp/vk_swiftshader_icd.json",
  "/usr/share/",
  "/opt/TestApp/resources/",
  "/opt/TestApp/resources/app-update.yml",
  "/opt/TestApp/resources/app.asar",
  "/opt/TestApp/resources/apparmor-profile",
  "/opt/TestApp/resources/package-type",
  "/usr/share/applications/",
  "/usr/share/applications/TestApp.desktop",
  "/usr/share/doc/",
  "/usr/share/icons/",
  "/usr/share/doc/testapp/",
  "/usr/share/doc/testapp/changelog.gz",
  "/usr/share/icons/hicolor/",
  "/usr/share/icons/hicolor/128x128/",
  "/usr/share/icons/hicolor/16x16/",
  "/usr/share/icons/hicolor/256x256/",
  "/usr/share/icons/hicolor/32x32/",
  "/usr/share/icons/hicolor/48x48/",
  "/usr/share/icons/hicolor/512x512/",
  "/usr/share/icons/hicolor/64x64/",
  "/usr/share/icons/hicolor/128x128/apps/",
  "/usr/share/icons/hicolor/128x128/apps/TestApp.png",
  "/usr/share/icons/hicolor/16x16/apps/",
  "/usr/share/icons/hicolor/16x16/apps/TestApp.png",
  "/usr/share/icons/hicolor/256x256/apps/",
  "/usr/share/icons/hicolor/256x256/apps/TestApp.png",
  "/usr/share/icons/hicolor/32x32/apps/",
  "/usr/share/icons/hicolor/32x32/apps/TestApp.png",
  "/usr/share/icons/hicolor/48x48/apps/",
  "/usr/share/icons/hicolor/48x48/apps/TestApp.png",
  "/usr/share/icons/hicolor/512x512/apps/",
  "/usr/share/icons/hicolor/512x512/apps/TestApp.png",
  "/usr/share/icons/hicolor/64x64/apps/",
  "/usr/share/icons/hicolor/64x64/apps/TestApp.png",
]
`;

exports[`Electron autoupdate (fresh install & update) > linux > debian - (dpkg) 7`] = `
{
  "Architecture": "amd64",
  "Depends": "libgtk-3-0, libnotify4, libnss3, libxss1, libxtst6, xdg-utils, libatspi2.0-0, libuuid1, libsecret-1-0",
  "Homepage": "http://foo.example.com",
  "License": "MIT",
  "Maintainer": "Foo Bar <foo@example.com>",
  "Package": "testapp",
  "Priority": "optional",
  "Recommends": "libappindicator3-1",
  "Section": "default",
  "Vendor": "Foo Bar <foo@example.com>",
}
`;

exports[`Electron autoupdate (fresh install & update) > linux > debian - (dpkg) 8`] = `"Test Application (test quite “ #378)"`;

exports[`Electron autoupdate (fresh install & update) > win 1`] = `
{
  "win": [
    {
      "file": "latest.yml",
      "fileContent": {
        "files": [
          {
            "sha512": "@sha512",
            "size": "@size",
            "url": "TestApp Setup.exe",
          },
        ],
        "path": "TestApp Setup.exe",
        "releaseDate": "@releaseDate",
        "sha512": "@sha512",
        "version": "1.0.0",
      },
    },
    {
      "file": "TestApp Setup.exe.blockmap",
      "safeArtifactName": "TestApp-Setup.exe.blockmap",
      "updateInfo": {
        "sha512": "@sha512",
        "size": "@size",
      },
    },
    {
      "arch": "x64",
      "file": "TestApp Setup.exe",
      "safeArtifactName": "TestApp-Setup.exe",
      "updateInfo": {
        "sha512": "@sha512",
        "size": "@size",
      },
    },
  ],
}
`;

exports[`Electron autoupdate (fresh install & update) > win 2`] = `
{
  "win": [
    {
      "file": "latest.yml",
      "fileContent": {
        "files": [
          {
            "sha512": "@sha512",
            "size": "@size",
            "url": "TestApp Setup.exe",
          },
        ],
        "path": "TestApp Setup.exe",
        "releaseDate": "@releaseDate",
        "sha512": "@sha512",
        "version": "1.0.1",
      },
    },
    {
      "file": "TestApp Setup.exe.blockmap",
      "safeArtifactName": "TestApp-Setup.exe.blockmap",
      "updateInfo": {
        "sha512": "@sha512",
        "size": "@size",
      },
    },
    {
      "arch": "x64",
      "file": "TestApp Setup.exe",
      "safeArtifactName": "TestApp-Setup.exe",
      "updateInfo": {
        "sha512": "@sha512",
        "size": "@size",
      },
    },
  ],
}
`;

exports[`Electron autoupdate from 1.0.0 to 1.0.1 (live test) > linux > AppImage arm64 1`] = `
{
  "linux": [
    {
      "arch": "arm64",
      "file": "TestApp-arm64.AppImage",
      "updateInfo": {
        "blockMapSize": "@blockMapSize",
        "sha512": "@sha512",
        "size": "@size",
      },
    },
    {
      "file": "latest-linux-arm64.yml",
      "fileContent": {
        "files": [
          {
            "blockMapSize": "@blockMapSize",
            "sha512": "@sha512",
            "size": "@size",
            "url": "TestApp-arm64.AppImage",
          },
        ],
        "path": "TestApp-arm64.AppImage",
        "releaseDate": "@releaseDate",
        "sha512": "@sha512",
        "version": "1.0.0",
      },
    },
  ],
}
`;

exports[`Electron autoupdate from 1.0.0 to 1.0.1 (live test) > linux > AppImage arm64 2`] = `
{
  "linux": [
    {
      "arch": "arm64",
      "file": "TestApp-arm64.AppImage",
      "updateInfo": {
        "blockMapSize": "@blockMapSize",
        "sha512": "@sha512",
        "size": "@size",
      },
    },
    {
      "file": "latest-linux-arm64.yml",
      "fileContent": {
        "files": [
          {
            "blockMapSize": "@blockMapSize",
            "sha512": "@sha512",
            "size": "@size",
            "url": "TestApp-arm64.AppImage",
          },
        ],
        "path": "TestApp-arm64.AppImage",
        "releaseDate": "@releaseDate",
        "sha512": "@sha512",
        "version": "1.0.1",
      },
    },
  ],
}
`;

exports[`Electron autoupdate from 1.0.0 to 1.0.1 (live test) > linux > linux 1`] = `
{
  "linux": [
    {
      "arch": "x64",
      "file": "TestApp-1.0.0.AppImage",
      "updateInfo": {
        "blockMapSize": "@blockMapSize",
        "sha512": "@sha512",
        "size": "@size",
      },
    },
    {
      "file": "latest-linux.yml",
      "fileContent": {
        "files": [
          {
            "blockMapSize": "@blockMapSize",
            "sha512": "@sha512",
            "size": "@size",
            "url": "TestApp-1.0.0.AppImage",
          },
        ],
        "path": "TestApp-1.0.0.AppImage",
        "releaseDate": "@releaseDate",
        "sha512": "@sha512",
        "version": "1.0.0",
      },
    },
  ],
}
`;

exports[`Electron autoupdate from 1.0.0 to 1.0.1 (live test) > win 1`] = `
{
  "win": [
    {
      "file": "latest.yml",
      "fileContent": {
        "files": [
          {
            "sha512": "@sha512",
            "size": "@size",
            "url": "TestApp.exe",
          },
        ],
        "path": "TestApp.exe",
        "releaseDate": "@releaseDate",
        "sha512": "@sha512",
        "version": "1.0.0",
      },
    },
    {
      "arch": "x64",
      "file": "TestApp.exe",
      "updateInfo": {
        "sha512": "@sha512",
        "size": "@size",
      },
    },
    {
      "file": "TestApp.exe.blockmap",
      "updateInfo": {
        "sha512": "@sha512",
        "size": "@size",
      },
    },
  ],
}
`;

exports[`Electron autoupdate from 1.0.0 to 1.0.1 (live test) > win 2`] = `
{
  "win": [
    {
      "file": "latest.yml",
      "fileContent": {
        "files": [
          {
            "sha512": "@sha512",
            "size": "@size",
            "url": "TestApp.exe",
          },
        ],
        "path": "TestApp.exe",
        "releaseDate": "@releaseDate",
        "sha512": "@sha512",
        "version": "1.0.1",
      },
    },
    {
      "arch": "x64",
      "file": "TestApp.exe",
      "updateInfo": {
        "sha512": "@sha512",
        "size": "@size",
      },
    },
    {
      "file": "TestApp.exe.blockmap",
      "updateInfo": {
        "sha512": "@sha512",
        "size": "@size",
      },
    },
  ],
}
`;
