// Jest Snapshot v1, https://goo.gl/fbAQLP

exports[`background color 1`] = `
Object {
  "backgroundColor": "orange",
  "contents": Array [
    Object {
      "x": 130,
      "y": 220,
    },
    Object {
      "path": "/Applications",
      "type": "link",
      "x": 410,
      "y": 220,
    },
  ],
  "format": "UDRO",
  "writeUpdateInfo": false,
}
`;

exports[`background color 2`] = `
Object {
  "mac": Array [
    Object {
      "arch": "x64",
      "file": "BackgroundColor-1.1.0.dmg",
    },
  ],
}
`;

exports[`background color 3`] = `
Object {
  "CFBundleDisplayName": "BackgroundColor",
  "CFBundleExecutable": "BackgroundColor",
  "CFBundleIconFile": "BackgroundColor.icns",
  "CFBundleIdentifier": "org.electron-builder.testApp",
  "CFBundleInfoDictionaryVersion": "6.0",
  "CFBundleName": "BackgroundColor",
  "CFBundlePackageType": "APPL",
  "CFBundleShortVersionString": "1.1.0",
  "LSApplicationCategoryType": "your.app.category.type",
  "LSRequiresNativeExecution": true,
  "NSAppTransportSecurity": Object {
    "NSAllowsLocalNetworking": true,
    "NSExceptionDomains": Object {
      "127.0.0.1": Object {
        "NSIncludesSubdomains": false,
        "NSTemporaryExceptionAllowsInsecureHTTPLoads": true,
        "NSTemporaryExceptionAllowsInsecureHTTPSLoads": false,
        "NSTemporaryExceptionMinimumTLSVersion": "1.0",
        "NSTemporaryExceptionRequiresForwardSecrecy": false,
      },
      "localhost": Object {
        "NSIncludesSubdomains": false,
        "NSTemporaryExceptionAllowsInsecureHTTPLoads": true,
        "NSTemporaryExceptionAllowsInsecureHTTPSLoads": false,
        "NSTemporaryExceptionMinimumTLSVersion": "1.0",
        "NSTemporaryExceptionRequiresForwardSecrecy": false,
      },
    },
  },
  "NSHighResolutionCapable": true,
  "NSPrincipalClass": "AtomApplication",
  "NSSupportsAutomaticGraphicsSwitching": true,
}
`;

exports[`bundleShortVersion 1`] = `
Object {
  "mac": Array [
    Object {
      "arch": "x64",
      "file": "BundleShortVersion-2017.1-alpha5.dmg",
      "updateInfo": Object {
        "sha512": "@sha512",
        "size": "@size",
      },
    },
    Object {
      "file": "BundleShortVersion-2017.1-alpha5.dmg.blockmap",
      "updateInfo": Object {
        "sha512": "@sha512",
        "size": "@size",
      },
    },
  ],
}
`;

exports[`bundleShortVersion 2`] = `
Object {
  "CFBundleDisplayName": "BundleShortVersion",
  "CFBundleExecutable": "BundleShortVersion",
  "CFBundleIconFile": "BundleShortVersion.icns",
  "CFBundleIdentifier": "org.electron-builder.testApp",
  "CFBundleInfoDictionaryVersion": "6.0",
  "CFBundleName": "BundleShortVersion",
  "CFBundlePackageType": "APPL",
  "CFBundleShortVersionString": "2017.1-alpha5",
  "LSApplicationCategoryType": "your.app.category.type",
  "LSRequiresNativeExecution": true,
  "NSAppTransportSecurity": Object {
    "NSAllowsLocalNetworking": true,
    "NSExceptionDomains": Object {
      "127.0.0.1": Object {
        "NSIncludesSubdomains": false,
        "NSTemporaryExceptionAllowsInsecureHTTPLoads": true,
        "NSTemporaryExceptionAllowsInsecureHTTPSLoads": false,
        "NSTemporaryExceptionMinimumTLSVersion": "1.0",
        "NSTemporaryExceptionRequiresForwardSecrecy": false,
      },
      "localhost": Object {
        "NSIncludesSubdomains": false,
        "NSTemporaryExceptionAllowsInsecureHTTPLoads": true,
        "NSTemporaryExceptionAllowsInsecureHTTPSLoads": false,
        "NSTemporaryExceptionMinimumTLSVersion": "1.0",
        "NSTemporaryExceptionRequiresForwardSecrecy": false,
      },
    },
  },
  "NSHighResolutionCapable": true,
  "NSPrincipalClass": "AtomApplication",
  "NSSupportsAutomaticGraphicsSwitching": true,
}
`;

exports[`custom background - new way 1`] = `
Object {
  "mac": Array [
    Object {
      "arch": "x64",
      "file": "Test App ßW-1.1.0-mac.zip",
      "safeArtifactName": "TestApp-1.1.0-mac.zip",
      "updateInfo": Object {
        "blockMapSize": "@blockMapSize",
        "sha512": "@sha512",
        "size": "@size",
      },
    },
  ],
}
`;

exports[`custom background - new way 2`] = `
Object {
  "CFBundleDisplayName": "Test App ßW",
  "CFBundleExecutable": "Test App ßW",
  "CFBundleIconFile": "Test App ßW.icns",
  "CFBundleIdentifier": "org.electron-builder.testApp",
  "CFBundleInfoDictionaryVersion": "6.0",
  "CFBundleName": "Test App ßW",
  "CFBundlePackageType": "APPL",
  "CFBundleShortVersionString": "1.1.0",
  "LSApplicationCategoryType": "your.app.category.type",
  "LSRequiresNativeExecution": true,
  "NSAppTransportSecurity": Object {
    "NSAllowsLocalNetworking": true,
    "NSExceptionDomains": Object {
      "127.0.0.1": Object {
        "NSIncludesSubdomains": false,
        "NSTemporaryExceptionAllowsInsecureHTTPLoads": true,
        "NSTemporaryExceptionAllowsInsecureHTTPSLoads": false,
        "NSTemporaryExceptionMinimumTLSVersion": "1.0",
        "NSTemporaryExceptionRequiresForwardSecrecy": false,
      },
      "localhost": Object {
        "NSIncludesSubdomains": false,
        "NSTemporaryExceptionAllowsInsecureHTTPLoads": true,
        "NSTemporaryExceptionAllowsInsecureHTTPSLoads": false,
        "NSTemporaryExceptionMinimumTLSVersion": "1.0",
        "NSTemporaryExceptionRequiresForwardSecrecy": false,
      },
    },
  },
  "NSHighResolutionCapable": true,
  "NSPrincipalClass": "AtomApplication",
  "NSSupportsAutomaticGraphicsSwitching": true,
}
`;

exports[`disable dmg icon (light), bundleVersion 1`] = `
Object {
  "mac": Array [
    Object {
      "arch": "x64",
      "file": "Test App ßW-1.1.0-mac.zip",
      "safeArtifactName": "TestApp-1.1.0-mac.zip",
      "updateInfo": Object {
        "blockMapSize": "@blockMapSize",
        "sha512": "@sha512",
        "size": "@size",
      },
    },
  ],
}
`;

exports[`disable dmg icon (light), bundleVersion 2`] = `
Object {
  "CFBundleDisplayName": "Test App ßW",
  "CFBundleExecutable": "Test App ßW",
  "CFBundleIconFile": "Test App ßW.icns",
  "CFBundleIdentifier": "org.electron-builder.testApp",
  "CFBundleInfoDictionaryVersion": "6.0",
  "CFBundleName": "Test App ßW",
  "CFBundlePackageType": "APPL",
  "CFBundleShortVersionString": "1.1.0",
  "LSApplicationCategoryType": "your.app.category.type",
  "LSRequiresNativeExecution": true,
  "NSAppTransportSecurity": Object {
    "NSAllowsLocalNetworking": true,
    "NSExceptionDomains": Object {
      "127.0.0.1": Object {
        "NSIncludesSubdomains": false,
        "NSTemporaryExceptionAllowsInsecureHTTPLoads": true,
        "NSTemporaryExceptionAllowsInsecureHTTPSLoads": false,
        "NSTemporaryExceptionMinimumTLSVersion": "1.0",
        "NSTemporaryExceptionRequiresForwardSecrecy": false,
      },
      "localhost": Object {
        "NSIncludesSubdomains": false,
        "NSTemporaryExceptionAllowsInsecureHTTPLoads": true,
        "NSTemporaryExceptionAllowsInsecureHTTPSLoads": false,
        "NSTemporaryExceptionMinimumTLSVersion": "1.0",
        "NSTemporaryExceptionRequiresForwardSecrecy": false,
      },
    },
  },
  "NSHighResolutionCapable": true,
  "NSPrincipalClass": "AtomApplication",
  "NSSupportsAutomaticGraphicsSwitching": true,
}
`;

exports[`dmg 1`] = `
Object {
  "mac": Array [
    Object {
      "arch": "x64",
      "file": "DefaultDmg-1.1.0.dmg",
      "updateInfo": Object {
        "sha512": "@sha512",
        "size": "@size",
      },
    },
    Object {
      "file": "DefaultDmg-1.1.0.dmg.blockmap",
      "updateInfo": Object {
        "sha512": "@sha512",
        "size": "@size",
      },
    },
  ],
}
`;

exports[`dmg 2`] = `
Object {
  "CFBundleDisplayName": "DefaultDmg",
  "CFBundleExecutable": "DefaultDmg",
  "CFBundleIconFile": "DefaultDmg.icns",
  "CFBundleIdentifier": "org.electron-builder.testApp",
  "CFBundleInfoDictionaryVersion": "6.0",
  "CFBundleName": "DefaultDmg",
  "CFBundlePackageType": "APPL",
  "CFBundleShortVersionString": "1.1.0",
  "LSApplicationCategoryType": "your.app.category.type",
  "LSRequiresNativeExecution": true,
  "NSAppTransportSecurity": Object {
    "NSAllowsLocalNetworking": true,
    "NSExceptionDomains": Object {
      "127.0.0.1": Object {
        "NSIncludesSubdomains": false,
        "NSTemporaryExceptionAllowsInsecureHTTPLoads": true,
        "NSTemporaryExceptionAllowsInsecureHTTPSLoads": false,
        "NSTemporaryExceptionMinimumTLSVersion": "1.0",
        "NSTemporaryExceptionRequiresForwardSecrecy": false,
      },
      "localhost": Object {
        "NSIncludesSubdomains": false,
        "NSTemporaryExceptionAllowsInsecureHTTPLoads": true,
        "NSTemporaryExceptionAllowsInsecureHTTPSLoads": false,
        "NSTemporaryExceptionMinimumTLSVersion": "1.0",
        "NSTemporaryExceptionRequiresForwardSecrecy": false,
      },
    },
  },
  "NSHighResolutionCapable": true,
  "NSPrincipalClass": "AtomApplication",
  "NSSupportsAutomaticGraphicsSwitching": true,
}
`;

exports[`license buttons config 1`] = `
Object {
  "$schema": "https://github.com/argv-minus-one/dmg-license/raw/master/schema.json",
  "body": Array [
    Object {
      "lang": "en-US",
    },
    Object {
      "lang": "fr-FR",
    },
    Object {
      "lang": "ja-JP",
    },
    Object {
      "lang": "ko-KR",
    },
  ],
  "labels": Array [
    Object {
      "agree": "Agree",
      "disagree": "Disagree",
      "lang": "en-US",
      "languageName": "English",
      "message": "Here is my own description",
      "print": "Print",
      "save": "Save",
    },
    Object {
      "agree": "J'accepte",
      "disagree": "Je refuse",
      "lang": "fr-FR",
      "languageName": "Français",
      "message": "Voici ma propre description (éàè)",
      "print": "Imprimer",
      "save": "Sauvegarder",
    },
    Object {
      "agree": "同意する",
      "disagree": "同意しない",
      "lang": "ja-JP",
      "languageName": "日本語",
      "message": "ここに私の説明があります",
      "print": "印刷する",
      "save": "セーブ",
    },
    Object {
      "agree": "한국어",
      "disagree": "동의하지 않는다",
      "lang": "ko-KR",
      "languageName": "한국어",
      "message": "여기에 내 설명이있다.",
      "print": "인쇄",
      "save": "구하다",
    },
  ],
}
`;

exports[`license buttons config 2`] = `
Object {
  "mac": Array [
    Object {
      "arch": "x64",
      "file": "Test App ßW-1.1.0.dmg",
      "safeArtifactName": "TestApp-1.1.0.dmg",
      "updateInfo": Object {
        "sha512": "@sha512",
        "size": "@size",
      },
    },
    Object {
      "file": "Test App ßW-1.1.0.dmg.blockmap",
      "safeArtifactName": "TestApp-1.1.0.dmg.blockmap",
      "updateInfo": Object {
        "sha512": "@sha512",
        "size": "@size",
      },
    },
  ],
}
`;

exports[`license buttons config 3`] = `
Object {
  "CFBundleDisplayName": "Test App ßW",
  "CFBundleExecutable": "Test App ßW",
  "CFBundleIconFile": "Test App ßW.icns",
  "CFBundleIdentifier": "org.electron-builder.testApp",
  "CFBundleInfoDictionaryVersion": "6.0",
  "CFBundleName": "Test App ßW",
  "CFBundlePackageType": "APPL",
  "CFBundleShortVersionString": "1.1.0",
  "LSApplicationCategoryType": "your.app.category.type",
  "LSRequiresNativeExecution": true,
  "NSAppTransportSecurity": Object {
    "NSAllowsLocalNetworking": true,
    "NSExceptionDomains": Object {
      "127.0.0.1": Object {
        "NSIncludesSubdomains": false,
        "NSTemporaryExceptionAllowsInsecureHTTPLoads": true,
        "NSTemporaryExceptionAllowsInsecureHTTPSLoads": false,
        "NSTemporaryExceptionMinimumTLSVersion": "1.0",
        "NSTemporaryExceptionRequiresForwardSecrecy": false,
      },
      "localhost": Object {
        "NSIncludesSubdomains": false,
        "NSTemporaryExceptionAllowsInsecureHTTPLoads": true,
        "NSTemporaryExceptionAllowsInsecureHTTPSLoads": false,
        "NSTemporaryExceptionMinimumTLSVersion": "1.0",
        "NSTemporaryExceptionRequiresForwardSecrecy": false,
      },
    },
  },
  "NSHighResolutionCapable": true,
  "NSPrincipalClass": "AtomApplication",
  "NSSupportsAutomaticGraphicsSwitching": true,
}
`;

exports[`license en 1`] = `
Object {
  "mac": Array [
    Object {
      "arch": "x64",
      "file": "Test App ßW-1.1.0.dmg",
      "safeArtifactName": "TestApp-1.1.0.dmg",
      "updateInfo": Object {
        "sha512": "@sha512",
        "size": "@size",
      },
    },
    Object {
      "file": "Test App ßW-1.1.0.dmg.blockmap",
      "safeArtifactName": "TestApp-1.1.0.dmg.blockmap",
      "updateInfo": Object {
        "sha512": "@sha512",
        "size": "@size",
      },
    },
  ],
}
`;

exports[`license en 2`] = `
Object {
  "CFBundleDisplayName": "Test App ßW",
  "CFBundleExecutable": "Test App ßW",
  "CFBundleIconFile": "Test App ßW.icns",
  "CFBundleIdentifier": "org.electron-builder.testApp",
  "CFBundleInfoDictionaryVersion": "6.0",
  "CFBundleName": "Test App ßW",
  "CFBundlePackageType": "APPL",
  "CFBundleShortVersionString": "1.1.0",
  "LSApplicationCategoryType": "your.app.category.type",
  "LSRequiresNativeExecution": true,
  "NSAppTransportSecurity": Object {
    "NSAllowsLocalNetworking": true,
    "NSExceptionDomains": Object {
      "127.0.0.1": Object {
        "NSIncludesSubdomains": false,
        "NSTemporaryExceptionAllowsInsecureHTTPLoads": true,
        "NSTemporaryExceptionAllowsInsecureHTTPSLoads": false,
        "NSTemporaryExceptionMinimumTLSVersion": "1.0",
        "NSTemporaryExceptionRequiresForwardSecrecy": false,
      },
      "localhost": Object {
        "NSIncludesSubdomains": false,
        "NSTemporaryExceptionAllowsInsecureHTTPLoads": true,
        "NSTemporaryExceptionAllowsInsecureHTTPSLoads": false,
        "NSTemporaryExceptionMinimumTLSVersion": "1.0",
        "NSTemporaryExceptionRequiresForwardSecrecy": false,
      },
    },
  },
  "NSHighResolutionCapable": true,
  "NSPrincipalClass": "AtomApplication",
  "NSSupportsAutomaticGraphicsSwitching": true,
}
`;

exports[`license ja 1`] = `
Object {
  "mac": Array [
    Object {
      "arch": "x64",
      "file": "Test App ßW-1.1.0.dmg",
      "safeArtifactName": "TestApp-1.1.0.dmg",
      "updateInfo": Object {
        "sha512": "@sha512",
        "size": "@size",
      },
    },
    Object {
      "file": "Test App ßW-1.1.0.dmg.blockmap",
      "safeArtifactName": "TestApp-1.1.0.dmg.blockmap",
      "updateInfo": Object {
        "sha512": "@sha512",
        "size": "@size",
      },
    },
  ],
}
`;

exports[`license ja 2`] = `
Object {
  "CFBundleDisplayName": "Test App ßW",
  "CFBundleExecutable": "Test App ßW",
  "CFBundleIconFile": "Test App ßW.icns",
  "CFBundleIdentifier": "org.electron-builder.testApp",
  "CFBundleInfoDictionaryVersion": "6.0",
  "CFBundleName": "Test App ßW",
  "CFBundlePackageType": "APPL",
  "CFBundleShortVersionString": "1.1.0",
  "LSApplicationCategoryType": "your.app.category.type",
  "LSRequiresNativeExecution": true,
  "NSAppTransportSecurity": Object {
    "NSAllowsLocalNetworking": true,
    "NSExceptionDomains": Object {
      "127.0.0.1": Object {
        "NSIncludesSubdomains": false,
        "NSTemporaryExceptionAllowsInsecureHTTPLoads": true,
        "NSTemporaryExceptionAllowsInsecureHTTPSLoads": false,
        "NSTemporaryExceptionMinimumTLSVersion": "1.0",
        "NSTemporaryExceptionRequiresForwardSecrecy": false,
      },
      "localhost": Object {
        "NSIncludesSubdomains": false,
        "NSTemporaryExceptionAllowsInsecureHTTPLoads": true,
        "NSTemporaryExceptionAllowsInsecureHTTPSLoads": false,
        "NSTemporaryExceptionMinimumTLSVersion": "1.0",
        "NSTemporaryExceptionRequiresForwardSecrecy": false,
      },
    },
  },
  "NSHighResolutionCapable": true,
  "NSPrincipalClass": "AtomApplication",
  "NSSupportsAutomaticGraphicsSwitching": true,
}
`;

exports[`license rtf 1`] = `
Object {
  "mac": Array [
    Object {
      "arch": "x64",
      "file": "Test App ßW-1.1.0.dmg",
      "safeArtifactName": "TestApp-1.1.0.dmg",
      "updateInfo": Object {
        "sha512": "@sha512",
        "size": "@size",
      },
    },
    Object {
      "file": "Test App ßW-1.1.0.dmg.blockmap",
      "safeArtifactName": "TestApp-1.1.0.dmg.blockmap",
      "updateInfo": Object {
        "sha512": "@sha512",
        "size": "@size",
      },
    },
  ],
}
`;

exports[`license rtf 2`] = `
Object {
  "CFBundleDisplayName": "Test App ßW",
  "CFBundleExecutable": "Test App ßW",
  "CFBundleIconFile": "Test App ßW.icns",
  "CFBundleIdentifier": "org.electron-builder.testApp",
  "CFBundleInfoDictionaryVersion": "6.0",
  "CFBundleName": "Test App ßW",
  "CFBundlePackageType": "APPL",
  "CFBundleShortVersionString": "1.1.0",
  "LSApplicationCategoryType": "your.app.category.type",
  "LSRequiresNativeExecution": true,
  "NSAppTransportSecurity": Object {
    "NSAllowsLocalNetworking": true,
    "NSExceptionDomains": Object {
      "127.0.0.1": Object {
        "NSIncludesSubdomains": false,
        "NSTemporaryExceptionAllowsInsecureHTTPLoads": true,
        "NSTemporaryExceptionAllowsInsecureHTTPSLoads": false,
        "NSTemporaryExceptionMinimumTLSVersion": "1.0",
        "NSTemporaryExceptionRequiresForwardSecrecy": false,
      },
      "localhost": Object {
        "NSIncludesSubdomains": false,
        "NSTemporaryExceptionAllowsInsecureHTTPLoads": true,
        "NSTemporaryExceptionAllowsInsecureHTTPSLoads": false,
        "NSTemporaryExceptionMinimumTLSVersion": "1.0",
        "NSTemporaryExceptionRequiresForwardSecrecy": false,
      },
    },
  },
  "NSHighResolutionCapable": true,
  "NSPrincipalClass": "AtomApplication",
  "NSSupportsAutomaticGraphicsSwitching": true,
}
`;

exports[`multi language license 1`] = `
Object {
  "mac": Array [
    Object {
      "arch": "x64",
      "file": "Test App ßW-1.1.0.dmg",
      "safeArtifactName": "TestApp-1.1.0.dmg",
      "updateInfo": Object {
        "sha512": "@sha512",
        "size": "@size",
      },
    },
    Object {
      "file": "Test App ßW-1.1.0.dmg.blockmap",
      "safeArtifactName": "TestApp-1.1.0.dmg.blockmap",
      "updateInfo": Object {
        "sha512": "@sha512",
        "size": "@size",
      },
    },
  ],
}
`;

exports[`multi language license 2`] = `
Object {
  "CFBundleDisplayName": "Test App ßW",
  "CFBundleExecutable": "Test App ßW",
  "CFBundleIconFile": "Test App ßW.icns",
  "CFBundleIdentifier": "org.electron-builder.testApp",
  "CFBundleInfoDictionaryVersion": "6.0",
  "CFBundleName": "Test App ßW",
  "CFBundlePackageType": "APPL",
  "CFBundleShortVersionString": "1.1.0",
  "LSApplicationCategoryType": "your.app.category.type",
  "LSRequiresNativeExecution": true,
  "NSAppTransportSecurity": Object {
    "NSAllowsLocalNetworking": true,
    "NSExceptionDomains": Object {
      "127.0.0.1": Object {
        "NSIncludesSubdomains": false,
        "NSTemporaryExceptionAllowsInsecureHTTPLoads": true,
        "NSTemporaryExceptionAllowsInsecureHTTPSLoads": false,
        "NSTemporaryExceptionMinimumTLSVersion": "1.0",
        "NSTemporaryExceptionRequiresForwardSecrecy": false,
      },
      "localhost": Object {
        "NSIncludesSubdomains": false,
        "NSTemporaryExceptionAllowsInsecureHTTPLoads": true,
        "NSTemporaryExceptionAllowsInsecureHTTPSLoads": false,
        "NSTemporaryExceptionMinimumTLSVersion": "1.0",
        "NSTemporaryExceptionRequiresForwardSecrecy": false,
      },
    },
  },
  "NSHighResolutionCapable": true,
  "NSPrincipalClass": "AtomApplication",
  "NSSupportsAutomaticGraphicsSwitching": true,
}
`;

exports[`no Applications link 1`] = `
Array [
  Object {
    "x": 110,
    "y": 150,
  },
  Object {
    "path": "/Applications/TextEdit.app",
    "type": "link",
    "x": 410,
    "y": 440,
  },
]
`;

exports[`no Applications link 2`] = `
Object {
  "mac": Array [
    Object {
      "arch": "x64",
      "file": "NoApplicationsLink-1.1.0.dmg",
      "updateInfo": Object {
        "sha512": "@sha512",
        "size": "@size",
      },
    },
    Object {
      "file": "NoApplicationsLink-1.1.0.dmg.blockmap",
      "updateInfo": Object {
        "sha512": "@sha512",
        "size": "@size",
      },
    },
    Object {
      "arch": "x64",
      "file": "NoApplicationsLink-1.1.0-mac.zip",
      "updateInfo": Object {
        "blockMapSize": "@blockMapSize",
        "sha512": "@sha512",
        "size": "@size",
      },
    },
  ],
}
`;

exports[`no Applications link 3`] = `
Object {
  "CFBundleDisplayName": "NoApplicationsLink",
  "CFBundleExecutable": "NoApplicationsLink",
  "CFBundleIconFile": "NoApplicationsLink.icns",
  "CFBundleIdentifier": "org.electron-builder.testApp",
  "CFBundleInfoDictionaryVersion": "6.0",
  "CFBundleName": "NoApplicationsLink",
  "CFBundlePackageType": "APPL",
  "CFBundleShortVersionString": "1.1.0",
  "LSApplicationCategoryType": "your.app.category.type",
  "LSRequiresNativeExecution": true,
  "NSAppTransportSecurity": Object {
    "NSAllowsLocalNetworking": true,
    "NSExceptionDomains": Object {
      "127.0.0.1": Object {
        "NSIncludesSubdomains": false,
        "NSTemporaryExceptionAllowsInsecureHTTPLoads": true,
        "NSTemporaryExceptionAllowsInsecureHTTPSLoads": false,
        "NSTemporaryExceptionMinimumTLSVersion": "1.0",
        "NSTemporaryExceptionRequiresForwardSecrecy": false,
      },
      "localhost": Object {
        "NSIncludesSubdomains": false,
        "NSTemporaryExceptionAllowsInsecureHTTPLoads": true,
        "NSTemporaryExceptionAllowsInsecureHTTPSLoads": false,
        "NSTemporaryExceptionMinimumTLSVersion": "1.0",
        "NSTemporaryExceptionRequiresForwardSecrecy": false,
      },
    },
  },
  "NSHighResolutionCapable": true,
  "NSPrincipalClass": "AtomApplication",
  "NSSupportsAutomaticGraphicsSwitching": true,
}
`;

exports[`no background 1`] = `
Object {
  "mac": Array [
    Object {
      "arch": "x64",
      "file": "NoBackground-1.1.0.dmg",
      "updateInfo": Object {
        "sha512": "@sha512",
        "size": "@size",
      },
    },
    Object {
      "file": "NoBackground-1.1.0.dmg.blockmap",
      "updateInfo": Object {
        "sha512": "@sha512",
        "size": "@size",
      },
    },
  ],
}
`;

exports[`no background 2`] = `
Object {
  "CFBundleDisplayName": "NoBackground",
  "CFBundleExecutable": "NoBackground",
  "CFBundleIconFile": "NoBackground.icns",
  "CFBundleIdentifier": "org.electron-builder.testApp",
  "CFBundleInfoDictionaryVersion": "6.0",
  "CFBundleName": "NoBackground",
  "CFBundlePackageType": "APPL",
  "CFBundleShortVersionString": "1.1.0",
  "LSApplicationCategoryType": "your.app.category.type",
  "LSRequiresNativeExecution": true,
  "NSAppTransportSecurity": Object {
    "NSAllowsLocalNetworking": true,
    "NSExceptionDomains": Object {
      "127.0.0.1": Object {
        "NSIncludesSubdomains": false,
        "NSTemporaryExceptionAllowsInsecureHTTPLoads": true,
        "NSTemporaryExceptionAllowsInsecureHTTPSLoads": false,
        "NSTemporaryExceptionMinimumTLSVersion": "1.0",
        "NSTemporaryExceptionRequiresForwardSecrecy": false,
      },
      "localhost": Object {
        "NSIncludesSubdomains": false,
        "NSTemporaryExceptionAllowsInsecureHTTPLoads": true,
        "NSTemporaryExceptionAllowsInsecureHTTPSLoads": false,
        "NSTemporaryExceptionMinimumTLSVersion": "1.0",
        "NSTemporaryExceptionRequiresForwardSecrecy": false,
      },
    },
  },
  "NSHighResolutionCapable": true,
  "NSPrincipalClass": "AtomApplication",
  "NSSupportsAutomaticGraphicsSwitching": true,
}
`;

exports[`no build directory 1`] = `
Array [
  Object {
    "x": 130,
    "y": 220,
  },
  Object {
    "path": "/Applications",
    "type": "link",
    "x": 410,
    "y": 220,
  },
]
`;

exports[`no build directory 2`] = `
Object {
  "mac": Array [
    Object {
      "arch": "x64",
      "file": "NoBuildDirectory-1.1.0.dmg",
      "updateInfo": Object {
        "sha512": "@sha512",
        "size": "@size",
      },
    },
    Object {
      "file": "NoBuildDirectory-1.1.0.dmg.blockmap",
      "updateInfo": Object {
        "sha512": "@sha512",
        "size": "@size",
      },
    },
  ],
}
`;

exports[`no build directory 3`] = `
Object {
  "CFBundleDisplayName": "NoBuildDirectory",
  "CFBundleExecutable": "NoBuildDirectory",
  "CFBundleIconFile": "electron.icns",
  "CFBundleIdentifier": "org.electron-builder.testApp",
  "CFBundleInfoDictionaryVersion": "6.0",
  "CFBundleName": "NoBuildDirectory",
  "CFBundlePackageType": "APPL",
  "CFBundleShortVersionString": "1.1.0",
  "LSApplicationCategoryType": "your.app.category.type",
  "LSRequiresNativeExecution": true,
  "NSAppTransportSecurity": Object {
    "NSAllowsLocalNetworking": true,
    "NSExceptionDomains": Object {
      "127.0.0.1": Object {
        "NSIncludesSubdomains": false,
        "NSTemporaryExceptionAllowsInsecureHTTPLoads": true,
        "NSTemporaryExceptionAllowsInsecureHTTPSLoads": false,
        "NSTemporaryExceptionMinimumTLSVersion": "1.0",
        "NSTemporaryExceptionRequiresForwardSecrecy": false,
      },
      "localhost": Object {
        "NSIncludesSubdomains": false,
        "NSTemporaryExceptionAllowsInsecureHTTPLoads": true,
        "NSTemporaryExceptionAllowsInsecureHTTPSLoads": false,
        "NSTemporaryExceptionMinimumTLSVersion": "1.0",
        "NSTemporaryExceptionRequiresForwardSecrecy": false,
      },
    },
  },
  "NSHighResolutionCapable": true,
  "NSPrincipalClass": "AtomApplication",
  "NSSupportsAutomaticGraphicsSwitching": true,
}
`;

exports[`retina background as 2 png 1`] = `
Object {
  "mac": Array [
    Object {
      "arch": "x64",
      "file": "Test App ßW-1.1.0-mac.zip",
      "safeArtifactName": "TestApp-1.1.0-mac.zip",
      "updateInfo": Object {
        "blockMapSize": "@blockMapSize",
        "sha512": "@sha512",
        "size": "@size",
      },
    },
  ],
}
`;

exports[`retina background as 2 png 2`] = `
Object {
  "CFBundleDisplayName": "Test App ßW",
  "CFBundleExecutable": "Test App ßW",
  "CFBundleIconFile": "Test App ßW.icns",
  "CFBundleIdentifier": "org.electron-builder.testApp",
  "CFBundleInfoDictionaryVersion": "6.0",
  "CFBundleName": "Test App ßW",
  "CFBundlePackageType": "APPL",
  "CFBundleShortVersionString": "1.1.0",
  "LSApplicationCategoryType": "your.app.category.type",
  "LSRequiresNativeExecution": true,
  "NSAppTransportSecurity": Object {
    "NSAllowsLocalNetworking": true,
    "NSExceptionDomains": Object {
      "127.0.0.1": Object {
        "NSIncludesSubdomains": false,
        "NSTemporaryExceptionAllowsInsecureHTTPLoads": true,
        "NSTemporaryExceptionAllowsInsecureHTTPSLoads": false,
        "NSTemporaryExceptionMinimumTLSVersion": "1.0",
        "NSTemporaryExceptionRequiresForwardSecrecy": false,
      },
      "localhost": Object {
        "NSIncludesSubdomains": false,
        "NSTemporaryExceptionAllowsInsecureHTTPLoads": true,
        "NSTemporaryExceptionAllowsInsecureHTTPSLoads": false,
        "NSTemporaryExceptionMinimumTLSVersion": "1.0",
        "NSTemporaryExceptionRequiresForwardSecrecy": false,
      },
    },
  },
  "NSHighResolutionCapable": true,
  "NSPrincipalClass": "AtomApplication",
  "NSSupportsAutomaticGraphicsSwitching": true,
}
`;

exports[`unset dmg icon 1`] = `
Object {
  "mac": Array [
    Object {
      "arch": "x64",
      "file": "Test ß No Volume Icon-1.1.0.dmg",
      "safeArtifactName": "TestApp-1.1.0.dmg",
      "updateInfo": Object {
        "sha512": "@sha512",
        "size": "@size",
      },
    },
    Object {
      "file": "Test ß No Volume Icon-1.1.0.dmg.blockmap",
      "safeArtifactName": "TestApp-1.1.0.dmg.blockmap",
      "updateInfo": Object {
        "sha512": "@sha512",
        "size": "@size",
      },
    },
  ],
}
`;

exports[`unset dmg icon 2`] = `
Object {
  "CFBundleDisplayName": "Test ß No Volume Icon",
  "CFBundleExecutable": "Test ß No Volume Icon",
  "CFBundleIconFile": "Test ß No Volume Icon.icns",
  "CFBundleIdentifier": "org.electron-builder.testApp",
  "CFBundleInfoDictionaryVersion": "6.0",
  "CFBundleName": "Test ß No Volume Icon",
  "CFBundlePackageType": "APPL",
  "CFBundleShortVersionString": "1.1.0",
  "LSApplicationCategoryType": "your.app.category.type",
  "LSRequiresNativeExecution": true,
  "NSAppTransportSecurity": Object {
    "NSAllowsLocalNetworking": true,
    "NSExceptionDomains": Object {
      "127.0.0.1": Object {
        "NSIncludesSubdomains": false,
        "NSTemporaryExceptionAllowsInsecureHTTPLoads": true,
        "NSTemporaryExceptionAllowsInsecureHTTPSLoads": false,
        "NSTemporaryExceptionMinimumTLSVersion": "1.0",
        "NSTemporaryExceptionRequiresForwardSecrecy": false,
      },
      "localhost": Object {
        "NSIncludesSubdomains": false,
        "NSTemporaryExceptionAllowsInsecureHTTPLoads": true,
        "NSTemporaryExceptionAllowsInsecureHTTPSLoads": false,
        "NSTemporaryExceptionMinimumTLSVersion": "1.0",
        "NSTemporaryExceptionRequiresForwardSecrecy": false,
      },
    },
  },
  "NSHighResolutionCapable": true,
  "NSPrincipalClass": "AtomApplication",
  "NSSupportsAutomaticGraphicsSwitching": true,
}
`;
