// Jest Snapshot v1, https://goo.gl/fbAQLP

exports[`mac updates 1`] = `
Array [
  "checking-for-update",
  "update-available",
]
`;
